faithful slave, as you say. There, how do you do, how do you do? I see
