       ((((i) < (((MAXLINE) - (1))))) && ((((c) = (getchar ())) != (EOF)))
