digits = 9 3 0 0 0 0 0 0 0 1, white space = 159, other = 345
